// Jest Snapshot v1, https://goo.gl/fbAQLP

exports[`LoadingSpinner render 1`] = `
<div>
  <div>
    [iconify icon="mdi:loading"]
    加载中...
  </div>
</div>
`;

exports[`LoadingSpinner render with text 1`] = `
<div>
  <div>
    [iconify icon="mdi:loading"]
    加载中...
  </div>
</div>
`;
