// Jest Snapshot v1, https://goo.gl/fbAQLP

exports[`Spinner render 1`] = `
<div>
  [iconify icon="mdi:loading"]
</div>
`;
